// Jest Snapshot v1, https://goo.gl/fbAQLP

exports[`renders button 1`] = `
<div>
  <button
    class="button primary"
  >
    Hello World
  </button>
</div>
`;
