// Jest Snapshot v1, https://goo.gl/fbAQLP

exports[`renders card and matches snapshot 1`] = `
<div>
  <div
    class="card"
  >
    Hello World
  </div>
</div>
`;
