// Jest Snapshot v1, https://goo.gl/fbAQLP

exports[`renders avatar and matches snapshot 1`] = `
<div>
  <div
    class="avatar"
  >
    <img
      alt="Test picture"
      src="https://image.com/photo.png"
    />
  </div>
</div>
`;
